режим: программная модель, физическая плата не использовалась
примечание: USB ID обозначает модель Pico; нулевой серийный номер — заполнитель
примечание: время и частоты расчётные; стек, куча и GPIO моделируются
задание: 2.2.2
проект: 221-command-time
устройство: 2e8a:000a
серийный номер: 0000000000000000
порт: MODEL (не COM-порт)
начало: 2026-09-30T20:00:46
   0.000 --> uptime
   0.001 <-- uptime
   0.002 <-- uptime: 2002 ms
   0.400 --> boot_info
   0.401 <-- boot_info
   0.402 <-- vector table   0x10000100
   0.402 <--   stack top    0x20042000
   0.402 <--   reset        0x100001f7
   0.402 <--   reset (even) 0x100001f6
   0.402 <-- gpio in        0xd0000004
   0.402 <--   led bit      0
   0.402 <--   gpio_get     0
   0.800 --> uptime
   0.801 <-- uptime
   0.802 <-- uptime: 2802 ms
   1.200 --> boot_info
   1.201 <-- boot_info
   1.202 <-- vector table   0x10000100
   1.202 <--   stack top    0x20042000
   1.202 <--   reset        0x100001f7
   1.202 <--   reset (even) 0x100001f6
   1.202 <-- gpio in        0xd0000004
   1.202 <--   led bit      0
   1.202 <--   gpio_get     0
   1.600 --> uptime
   1.601 <-- uptime
   1.602 <-- uptime: 3602 ms
   2.000 --> boot_info
   2.001 <-- boot_info
   2.002 <-- vector table   0x10000100
   2.002 <--   stack top    0x20042000
   2.002 <--   reset        0x100001f7
   2.002 <--   reset (even) 0x100001f6
   2.002 <-- gpio in        0xd0000004
   2.002 <--   led bit      0
   2.002 <--   gpio_get     0
   2.400 --> uptime
   2.401 <-- uptime
   2.402 <-- uptime: 4402 ms
   2.800 --> boot_info
   2.801 <-- boot_info
   2.802 <-- vector table   0x10000100
   2.802 <--   stack top    0x20042000
   2.802 <--   reset        0x100001f7
   2.802 <--   reset (even) 0x100001f6
   2.802 <-- gpio in        0xd0000004
   2.802 <--   led bit      1
   2.802 <--   gpio_get     1
итог: отправлено команд 8, принято строк 40
