режим: программная модель, физическая плата не использовалась
примечание: USB ID обозначает модель Pico; нулевой серийный номер — заполнитель
примечание: время и частоты расчётные; стек, куча и GPIO моделируются
задание: 2.2.4
проект: 221-command-time
устройство: 2e8a:000a
серийный номер: 0000000000000000
порт: MODEL (не COM-порт)
начало: 2026-09-30T20:00:49
   0.000 --> main_time_reset
   0.001 <-- main_time_reset
   0.002 <-- max reset
   2.000 --> main_time_exec
   2.001 <-- main_time_exec
   2.002 <-- iteration avg 1.96 us, max 2 us
   3.000 --> calc_pi
   3.001 <-- calc_pi
   7.682 <-- pi: 3.14159165
   7.682 <-- time: 4680 ms
   9.000 --> main_time_exec
   9.001 <-- main_time_exec
   9.002 <-- iteration avg 4.54 us, max 4680000 us
  14.000 --> main_time_exec
  14.001 <-- main_time_exec
  14.002 <-- iteration avg 2.02 us, max 4680000 us
  15.000 --> main_time_reset
  15.001 <-- main_time_reset
  15.002 <-- max reset
  16.000 --> main_time_exec
  16.001 <-- main_time_exec
  16.002 <-- iteration avg 2.00 us, max 2 us
итог: отправлено команд 7, принято строк 15
