режим: программная модель, физическая плата не использовалась
примечание: USB ID обозначает модель Pico; нулевой серийный номер — заполнитель
примечание: время и частоты расчётные; стек, куча и GPIO моделируются
задание: 2.2.1
проект: 221-command-time
устройство: 2e8a:000a
серийный номер: 0000000000000000
порт: MODEL (не COM-порт)
начало: 2026-09-30T20:00:45
   0.000 --> clk_info
   0.001 <-- clk_info
   0.002 <-- signal     set_khz measured_khz
   0.002 <-- clk_ref      12000        12000
   0.002 <-- clk_sys     125000       125000
   0.002 <-- clk_peri    125000       125000
   0.002 <-- clk_usb      48000        48000
   0.002 <-- clk_adc      48000        48000
   0.002 <-- rosc             -         6500
   2.000 --> info
   2.001 <-- info
   2.002 <-- project: 221-command-time
   2.002 <-- repo: https://github.com/DaMwY5/es-student
   2.002 <-- board: pico
   2.002 <-- serial: 0000000000000000
   2.002 <-- chip: manufacturer 0x927, part 0x0002, revision 2
   2.002 <-- pico-sdk: 2.3.0
итог: отправлено команд 2, принято строк 15
