режим: программная модель, физическая плата не использовалась
примечание: USB ID обозначает модель Pico; нулевой серийный номер — заполнитель
примечание: время и частоты расчётные; стек, куча и GPIO моделируются
задание: 2.1.6
проект: 211-command-usb
устройство: 2e8a:000a
серийный номер: 0000000000000000
порт: MODEL (не COM-порт)
начало: 2026-09-30T20:00:44
   0.000 --> boot_info
   0.001 <-- boot_info
   0.200 <-- vector table   0x10000100
   0.200 <--   stack top    0x20042000
   0.200 <--   reset        0x100001f7
   0.200 <--   reset (even) 0x100001f6
   0.200 <-- gpio in        0xd0000004
   0.200 <--   led bit      0
   0.200 <--   gpio_get     0
   2.000 --> enable
   2.001 <-- enable
   2.140 <-- inf cmd_led:1 led on
   4.000 --> boot_info
   4.001 <-- boot_info
   4.200 <-- vector table   0x10000100
   4.200 <--   stack top    0x20042000
   4.200 <--   reset        0x100001f7
   4.200 <--   reset (even) 0x100001f6
   4.200 <-- gpio in        0xd0000004
   4.200 <--   led bit      1
   4.200 <--   gpio_get     1
   6.000 --> disable
   6.001 <-- disable
   6.160 <-- inf cmd_led:1 led off
   8.000 --> boot_info
   8.001 <-- boot_info
   8.200 <-- vector table   0x10000100
   8.200 <--   stack top    0x20042000
   8.200 <--   reset        0x100001f7
   8.200 <--   reset (even) 0x100001f6
   8.200 <-- gpio in        0xd0000004
   8.200 <--   led bit      0
   8.200 <--   gpio_get     0
итог: отправлено команд 5, принято строк 28
