режим: программная модель, физическая плата не использовалась
примечание: USB ID обозначает модель Pico; нулевой серийный номер — заполнитель
примечание: время и частоты расчётные; стек, куча и GPIO моделируются
задание: 2.1.3
проект: 211-command-usb
устройство: 2e8a:000a
серийный номер: 0000000000000000
порт: MODEL (не COM-порт)
начало: 2026-09-30T20:00:40
   0.000 --> mem_info
   0.001 <-- mem_info
   0.180 <-- area       start      end        size
   0.180 <-- flash      0x10000000 0x10200000  2097152
   0.180 <-- sram       0x20000000 0x20042000   270336
   0.180 <-- rom        0x00000000 0x00004000    16384
   0.180 <-- image      0x10000000 0x10009aa0    39584
   0.180 <-- free       0x10009aa0 0x10200000  2057568
   0.180 <-- boot2      0x10000000 0x10000100      256
   0.180 <-- text       0x10000100 0x10008250    33104
   0.180 <-- data flash 0x10008250 0x10009aa0     6224
   0.180 <-- data ram   0x200000c0 0x20001910     6224
   0.180 <-- bss        0x20001910 0x20002590     3200
   0.180 <-- heap       0x20002590 0x20040000   252528
   0.180 <-- stack      0x20041800 0x20042000     2048
   0.180 <-- total
   0.180 <--   flash image    39584 = boot2 256 + text 33104 + data 6224
   0.180 <--   flash free  2057568 of 2097152
   0.180 <--   ram used     9424 = data 6224 + bss 3200
   0.180 <--   ram free   252528 for heap and 2048 for stack
итог: отправлено команд 1, принято строк 19
