режим: программная модель, физическая плата не использовалась
источник: синтетический сценарий обмена по исходному коду проекта
примечание: время условное; USB ID обозначает Pico; серийный номер и CHIP_ID — заполнители
сценарий: команды v, e, d, q; отметка built MODEL обозначает модельную сборку
задание: 1.3.6
проект: 134-led-module
устройство: 2e8a:000a
серийный номер: 0000000000000000
порт: MODEL (не COM-порт)
начало: 2026-10-01T10:13:36+00:00
   0.000 --> v
   0.020 <-- dbg main:69 got v
   0.020 <-- device: es-led-module 1.0.0, built MODEL, log level 3
   1.020 --> e
   1.040 <-- dbg main:69 got e
   1.040 <-- inf handle_command:23 led on
   2.040 --> d
   2.060 <-- dbg main:69 got d
   2.060 <-- inf handle_command:28 led off
   3.060 --> q
   3.080 <-- dbg main:69 got q
   3.080 <-- err handle_command:40 unknown command: q
итог: отправлено команд 4, принято строк 8
