режим: программная модель, физическая плата не использовалась
источник: синтетический сценарий обмена по исходному коду проекта
примечание: время условное; USB ID обозначает Pico; серийный номер и CHIP_ID — заполнители
сценарий: команды e, d, e, e, d, x; ответ через модельные 20 мс
задание: 1.3.4
проект: 133-led-button-usb
устройство: 2e8a:000a
серийный номер: 0000000000000000
порт: MODEL (не COM-порт)
начало: 2026-10-01T10:13:36+00:00
   0.000 --> e
   0.020 <-- led on
   1.020 --> d
   1.040 <-- led off
   2.040 --> e
   2.060 <-- led on
   3.060 --> e
   3.080 <-- led on
   4.080 --> d
   4.100 <-- led off
   5.100 --> x
   5.120 <-- unknown command: x
итог: отправлено команд 6, принято строк 6
