режим: программная модель, физическая плата не использовалась
источник: синтетический сценарий обмена по исходному коду проекта
примечание: время условное; USB ID обозначает Pico; серийный номер и CHIP_ID — заполнители
сценарий: десять сообщений с модельным периодом одна секунда
задание: 1.3.2
проект: 131-hello-usb
устройство: 2e8a:000a
серийный номер: 0000000000000000
порт: MODEL (не COM-порт)
начало: 2026-10-01T10:13:36+00:00
   0.000 <-- Hello, world!
   1.000 <-- Hello, world!
   2.000 <-- Hello, world!
   3.000 <-- Hello, world!
   4.000 <-- Hello, world!
   5.000 <-- Hello, world!
   6.000 <-- Hello, world!
   7.000 <-- Hello, world!
   8.000 <-- Hello, world!
   9.000 <-- Hello, world!
итог: отправлено команд 0, принято строк 10
